// Jest Snapshot v1, https://goo.gl/fbAQLP

exports[`ASCII Art Side-by-Side Rendering should handle templates with very different sizes: Templates with different sizes 1`] = `
"
╭──────────────────────────────────────────────────────────╮    ╭─────────────────────────────────────────────────────╮
│                  Stack: simple-template                  │    │ Stack: name that will test border overflow handling │
├──────────────────────────────────────────────────────────┤    ├─────────────────────────────────────────────────────┤
│ ┌────────────────╮                 ┌───────────────────╮ │    │                    ┌──────────╮                     │
│ │MyLambdaFunction│                 │LambdaExecutionRole│ │    │                    │LambdaRole│                     │
│ │(lambda)        │────────────────>│(role)             │ │    │                    │(role)    │                     │
│ ╰────────────────╯                 ╰───────────────────╯ │    │                    ╰──────────╯                     │
╰──────────────────────────────────────────────────────────╯    ╰─────────────────────────────────────────────────────╯
"
`;

exports[`ASCII Art Side-by-Side Rendering should render side-by-side with borders: Two templates side-by-side with borders 1`] = `
"
╭──────────────────────────────────────────────────────────╮    ╭────────────────────────────────────────────────────────────────────────────────────────────────────────────────────────────────╮
│                  Stack: simple-template                  │    │                                                    Stack: complex-template                                                     │
├──────────────────────────────────────────────────────────┤    ├────────────────────────────────────────────────────────────────────────────────────────────────────────────────────────────────┤
│ ┌────────────────╮                 ┌───────────────────╮ │    │                                                                                                                                │
│ │MyLambdaFunction│                 │LambdaExecutionRole│ │    │                                                                                                                                │
│ │(lambda)        │────────────────>│(role)             │ │    │                                                                                                                                │
│ ╰────────────────╯                 ╰───────────────────╯ │    │                                                                                                                                │
╰──────────────────────────────────────────────────────────╯    │ ┌────────────────╮                 ┌──────────────────╮                ┌─────────────╮                                         │
                                                                │ │ApiGatewayMethod│─────────────────│ApiGatewayResource│──────────────> │ApiGateway   │                                         │
                                                                │ │(api_gateway)   │────────────────>│(api_gateway)     │──────────────> │(api_gateway)│                                         │
                                                                │ ╰────────────────╯                 ╰──────────────────╯┌─────────────> ╰─────────────╯                                         │
                                                                │          └┐                                           ┌┘                                                                       │
                                                                │           └┐                                        ┌─┘                                                                        │
                                                                │            └┐                                     ┌─┘                                                                          │
                                                                │             └┐                                   ┌┘                                                                            │
                                                                │              └┐                    ┌────────────────────╮                                                                      │
                                                                │               └┐                   │ApiGatewayDeployment│                                                                      │
                                                                │                └┐                  │(api_gateway)       │                                                                      │
                                                                │                 └┐                 ╰────────────────────╯                                                                      │
                                                                │                  └┐                                      ─────────────────────────────────────┐                                │
                                                                │                   └┐                                     │                                    └───┐                            │
                                                                │                    └┐                                    │                                        └───┐    ┌──────────╮        │
                                                                │                     └┐                                   │                                            └──> │DataTable │        │
                                                                │                      └┐            ┌──────────────────╮  │             ┌───────────────────╮┌────────────> │(dynamodb)│        │
                                                                │                       └┐           │ProcessingFunction│  │             │ProcessorLambdaRole│┘────────────> ╰──────────╯        │
                                                                │ ┌───────────────╮      └──────────>│(lambda)          │  │───────────> │(role)             │┘                                  │
                                                                │ │StreamProcessor│                  ╰──────────────────╯ ┌│             ╰───────────────────╯                                   │
                                                                │ │(lambda)       │                             └─┐      ┌┘│                              ┌─┘                                    │
                                                                │ ╰───────────────╯                               └┐    ┌┘ │                             ┌┘                                      │
                                                                │          └┐  └─┐                                 └─┐ ┌┘  │                           ┌─┘                                       │
                                                                │           └┐   └──┐                                └┌┘   │                          ┌┘                                         │
                                                                │            └┐     └─┐                              ┌┘└┐  │                         ┌┘                                          │
                                                                │             └─┐     └─────────────────────────────────────             ┌────────────────────╮                                  │
                                                                │               └┐                                 ┌┘     └────────────> │ProcessingLambdaRole│                                  │
                                                                │                └┐                               ┌┘                     │(role)              │                                  │
                                                                │                 └┐                             ┌┘                    > ╰────────────────────╯                                  │
                                                                │                  └─┐               ┌─────────────────╮               │               └────┐                ┌─────────────────╮ │
                                                                │                    └┐              │ProcessorFunction│               │                    └──────────────> │NotificationTopic│ │
                                                                │                     └─────────────>│(lambda)         │               │                                     │(sns)            │ │
                                                                │                                    ╰─────────────────╯               │                    ┌──────────────> ╰─────────────────╯ │
                                                                │                                                                      │ ┌─────────────────╮┘                                    │
                                                                │                                                                      ┌ │EmailSubscription│                                     │
                                                                │                                                                     ┌┘ │(sns)            │                                     │
                                                                │                                                                    ┌┘  ╰─────────────────╯                                     │
                                                                │                                    ┌─────────────╮                ┌┘                                                           │
                                                                │                                    │StorageBucket│               ┌┘                                                            │
                                                                │                    ┌──────────────>│(s3)         │              ┌┘                                                             │
                                                                │ ┌───────────────────╮              ╰─────────────╯             ┌┘                                                              │
                                                                │ │StorageBucketPolicy│                                         ┌┘                                                               │
                                                                │ │(s3)               │                                        ┌┘                                                                │
                                                                │ ╰───────────────────╯                                       ┌┘                                                                 │
                                                                │           └────┐                                           ┌┘                                                                  │
                                                                │                └─────                                     ┌┘                                                                   │
                                                                │                      ─────────────────────────────────────┘                                                                    │
                                                                ╰────────────────────────────────────────────────────────────────────────────────────────────────────────────────────────────────╯
"
`;

exports[`ASCII Art Side-by-Side Rendering should render side-by-side with custom outer title: Two templates side-by-side with custom title 1`] = `
"
╭────────────────────────────────────────────────────────────────────────────────────────────────────────────────────────────────────────────────────────────────────────────────────────────────────╮
│                                                                                  CloudFormation Stack Comparison                                                                                   │
├────────────────────────────────────────────────────────────────────────────────────────────────────────────────────────────────────────────────────────────────────────────────────────────────────┤
│ ╭──────────────────────────────────────────────────────────╮    ╭────────────────────────────────────────────────────────────────────────────────────────────────────────────────────────────────╮ │
│ │                  Stack: simple-template                  │    │                                                    Stack: complex-template                                                     │ │
│ ├──────────────────────────────────────────────────────────┤    ├────────────────────────────────────────────────────────────────────────────────────────────────────────────────────────────────┤ │
│ │ ┌────────────────╮                 ┌───────────────────╮ │    │                                                                                                                                │ │
│ │ │MyLambdaFunction│                 │LambdaExecutionRole│ │    │                                                                                                                                │ │
│ │ │(lambda)        │────────────────>│(role)             │ │    │                                                                                                                                │ │
│ │ ╰────────────────╯                 ╰───────────────────╯ │    │                                                                                                                                │ │
│ ╰──────────────────────────────────────────────────────────╯    │ ┌────────────────╮                 ┌──────────────────╮                ┌─────────────╮                                         │ │
│                                                                 │ │ApiGatewayMethod│─────────────────│ApiGatewayResource│──────────────> │ApiGateway   │                                         │ │
│                                                                 │ │(api_gateway)   │────────────────>│(api_gateway)     │──────────────> │(api_gateway)│                                         │ │
│                                                                 │ ╰────────────────╯                 ╰──────────────────╯┌─────────────> ╰─────────────╯                                         │ │
│                                                                 │          └┐                                           ┌┘                                                                       │ │
│                                                                 │           └┐                                        ┌─┘                                                                        │ │
│                                                                 │            └┐                                     ┌─┘                                                                          │ │
│                                                                 │             └┐                                   ┌┘                                                                            │ │
│                                                                 │              └┐                    ┌────────────────────╮                                                                      │ │
│                                                                 │               └┐                   │ApiGatewayDeployment│                                                                      │ │
│                                                                 │                └┐                  │(api_gateway)       │                                                                      │ │
│                                                                 │                 └┐                 ╰────────────────────╯                                                                      │ │
│                                                                 │                  └┐                                      ─────────────────────────────────────┐                                │ │
│                                                                 │                   └┐                                     │                                    └───┐                            │ │
│                                                                 │                    └┐                                    │                                        └───┐    ┌──────────╮        │ │
│                                                                 │                     └┐                                   │                                            └──> │DataTable │        │ │
│                                                                 │                      └┐            ┌──────────────────╮  │             ┌───────────────────╮┌────────────> │(dynamodb)│        │ │
│                                                                 │                       └┐           │ProcessingFunction│  │             │ProcessorLambdaRole│┘────────────> ╰──────────╯        │ │
│                                                                 │ ┌───────────────╮      └──────────>│(lambda)          │  │───────────> │(role)             │┘                                  │ │
│                                                                 │ │StreamProcessor│                  ╰──────────────────╯ ┌│             ╰───────────────────╯                                   │ │
│                                                                 │ │(lambda)       │                             └─┐      ┌┘│                              ┌─┘                                    │ │
│                                                                 │ ╰───────────────╯                               └┐    ┌┘ │                             ┌┘                                      │ │
│                                                                 │          └┐  └─┐                                 └─┐ ┌┘  │                           ┌─┘                                       │ │
│                                                                 │           └┐   └──┐                                └┌┘   │                          ┌┘                                         │ │
│                                                                 │            └┐     └─┐                              ┌┘└┐  │                         ┌┘                                          │ │
│                                                                 │             └─┐     └─────────────────────────────────────             ┌────────────────────╮                                  │ │
│                                                                 │               └┐                                 ┌┘     └────────────> │ProcessingLambdaRole│                                  │ │
│                                                                 │                └┐                               ┌┘                     │(role)              │                                  │ │
│                                                                 │                 └┐                             ┌┘                    > ╰────────────────────╯                                  │ │
│                                                                 │                  └─┐               ┌─────────────────╮               │               └────┐                ┌─────────────────╮ │ │
│                                                                 │                    └┐              │ProcessorFunction│               │                    └──────────────> │NotificationTopic│ │ │
│                                                                 │                     └─────────────>│(lambda)         │               │                                     │(sns)            │ │ │
│                                                                 │                                    ╰─────────────────╯               │                    ┌──────────────> ╰─────────────────╯ │ │
│                                                                 │                                                                      │ ┌─────────────────╮┘                                    │ │
│                                                                 │                                                                      ┌ │EmailSubscription│                                     │ │
│                                                                 │                                                                     ┌┘ │(sns)            │                                     │ │
│                                                                 │                                                                    ┌┘  ╰─────────────────╯                                     │ │
│                                                                 │                                    ┌─────────────╮                ┌┘                                                           │ │
│                                                                 │                                    │StorageBucket│               ┌┘                                                            │ │
│                                                                 │                    ┌──────────────>│(s3)         │              ┌┘                                                             │ │
│                                                                 │ ┌───────────────────╮              ╰─────────────╯             ┌┘                                                              │ │
│                                                                 │ │StorageBucketPolicy│                                         ┌┘                                                               │ │
│                                                                 │ │(s3)               │                                        ┌┘                                                                │ │
│                                                                 │ ╰───────────────────╯                                       ┌┘                                                                 │ │
│                                                                 │           └────┐                                           ┌┘                                                                  │ │
│                                                                 │                └─────                                     ┌┘                                                                   │ │
│                                                                 │                      ─────────────────────────────────────┘                                                                    │ │
│                                                                 ╰────────────────────────────────────────────────────────────────────────────────────────────────────────────────────────────────╯ │
╰────────────────────────────────────────────────────────────────────────────────────────────────────────────────────────────────────────────────────────────────────────────────────────────────────╯
"
`;

exports[`ASCII Art Side-by-Side Rendering should render side-by-side with custom title without individual borders: Two templates with only outer border and custom title 1`] = `
"
╭────────────────────────────────────────────────────────────────────────────────────────────────────────────────────────────────────────────────────────────────────────────────────────────╮
│                                                                                 Unbounded Stack Comparison                                                                                 │
├────────────────────────────────────────────────────────────────────────────────────────────────────────────────────────────────────────────────────────────────────────────────────────────┤
│ ┌────────────────╮                 ┌───────────────────╮                                                                                                                                   │
│ │MyLambdaFunction│                 │LambdaExecutionRole│                                                                                                                                   │
│ │(lambda)        │────────────────>│(role)             │                                                                                                                                   │
│ ╰────────────────╯                 ╰───────────────────╯                                                                                                                                   │
│                                                             ┌────────────────╮                 ┌──────────────────╮                ┌─────────────╮                                         │
│                                                             │ApiGatewayMethod│─────────────────│ApiGatewayResource│──────────────> │ApiGateway   │                                         │
│                                                             │(api_gateway)   │────────────────>│(api_gateway)     │──────────────> │(api_gateway)│                                         │
│                                                             ╰────────────────╯                 ╰──────────────────╯┌─────────────> ╰─────────────╯                                         │
│                                                                      └┐                                           ┌┘                                                                       │
│                                                                       └┐                                        ┌─┘                                                                        │
│                                                                        └┐                                     ┌─┘                                                                          │
│                                                                         └┐                                   ┌┘                                                                            │
│                                                                          └┐                    ┌────────────────────╮                                                                      │
│                                                                           └┐                   │ApiGatewayDeployment│                                                                      │
│                                                                            └┐                  │(api_gateway)       │                                                                      │
│                                                                             └┐                 ╰────────────────────╯                                                                      │
│                                                                              └┐                                      ─────────────────────────────────────┐                                │
│                                                                               └┐                                     │                                    └───┐                            │
│                                                                                └┐                                    │                                        └───┐    ┌──────────╮        │
│                                                                                 └┐                                   │                                            └──> │DataTable │        │
│                                                                                  └┐            ┌──────────────────╮  │             ┌───────────────────╮┌────────────> │(dynamodb)│        │
│                                                                                   └┐           │ProcessingFunction│  │             │ProcessorLambdaRole│┘────────────> ╰──────────╯        │
│                                                             ┌───────────────╮      └──────────>│(lambda)          │  │───────────> │(role)             │┘                                  │
│                                                             │StreamProcessor│                  ╰──────────────────╯ ┌│             ╰───────────────────╯                                   │
│                                                             │(lambda)       │                             └─┐      ┌┘│                              ┌─┘                                    │
│                                                             ╰───────────────╯                               └┐    ┌┘ │                             ┌┘                                      │
│                                                                      └┐  └─┐                                 └─┐ ┌┘  │                           ┌─┘                                       │
│                                                                       └┐   └──┐                                └┌┘   │                          ┌┘                                         │
│                                                                        └┐     └─┐                              ┌┘└┐  │                         ┌┘                                          │
│                                                                         └─┐     └─────────────────────────────────────             ┌────────────────────╮                                  │
│                                                                           └┐                                 ┌┘     └────────────> │ProcessingLambdaRole│                                  │
│                                                                            └┐                               ┌┘                     │(role)              │                                  │
│                                                                             └┐                             ┌┘                    > ╰────────────────────╯                                  │
│                                                                              └─┐               ┌─────────────────╮               │               └────┐                ┌─────────────────╮ │
│                                                                                └┐              │ProcessorFunction│               │                    └──────────────> │NotificationTopic│ │
│                                                                                 └─────────────>│(lambda)         │               │                                     │(sns)            │ │
│                                                                                                ╰─────────────────╯               │                    ┌──────────────> ╰─────────────────╯ │
│                                                                                                                                  │ ┌─────────────────╮┘                                    │
│                                                                                                                                  ┌ │EmailSubscription│                                     │
│                                                                                                                                 ┌┘ │(sns)            │                                     │
│                                                                                                                                ┌┘  ╰─────────────────╯                                     │
│                                                                                                ┌─────────────╮                ┌┘                                                           │
│                                                                                                │StorageBucket│               ┌┘                                                            │
│                                                                                ┌──────────────>│(s3)         │              ┌┘                                                             │
│                                                             ┌───────────────────╮              ╰─────────────╯             ┌┘                                                              │
│                                                             │StorageBucketPolicy│                                         ┌┘                                                               │
│                                                             │(s3)               │                                        ┌┘                                                                │
│                                                             ╰───────────────────╯                                       ┌┘                                                                 │
│                                                                       └────┐                                           ┌┘                                                                  │
│                                                                            └─────                                     ┌┘                                                                   │
│                                                                                  ─────────────────────────────────────┘                                                                    │
╰────────────────────────────────────────────────────────────────────────────────────────────────────────────────────────────────────────────────────────────────────────────────────────────╯
"
`;

exports[`ASCII Art Side-by-Side Rendering should render side-by-side with reversed template order (large stack first): Large stack first, small stack second with custom title 1`] = `
"
╭────────────────────────────────────────────────────────────────────────────────────────────────────────────────────────────────────────────────────────────────────────────────────────────────────╮
│                                                                                     Reversed Order Comparison                                                                                      │
├────────────────────────────────────────────────────────────────────────────────────────────────────────────────────────────────────────────────────────────────────────────────────────────────────┤
│ ╭────────────────────────────────────────────────────────────────────────────────────────────────────────────────────────────────╮    ╭──────────────────────────────────────────────────────────╮ │
│ │                                                    Stack: complex-template                                                     │    │                  Stack: simple-template                  │ │
│ ├────────────────────────────────────────────────────────────────────────────────────────────────────────────────────────────────┤    ├──────────────────────────────────────────────────────────┤ │
│ │                                                                                                                                │    │ ┌────────────────╮                 ┌───────────────────╮ │ │
│ │                                                                                                                                │    │ │MyLambdaFunction│                 │LambdaExecutionRole│ │ │
│ │                                                                                                                                │    │ │(lambda)        │────────────────>│(role)             │ │ │
│ │                                                                                                                                │    │ ╰────────────────╯                 ╰───────────────────╯ │ │
│ │ ┌────────────────╮                 ┌──────────────────╮                ┌─────────────╮                                         │    ╰──────────────────────────────────────────────────────────╯ │
│ │ │ApiGatewayMethod│─────────────────│ApiGatewayResource│──────────────> │ApiGateway   │                                         │                                                                 │
│ │ │(api_gateway)   │────────────────>│(api_gateway)     │──────────────> │(api_gateway)│                                         │                                                                 │
│ │ ╰────────────────╯                 ╰──────────────────╯┌─────────────> ╰─────────────╯                                         │                                                                 │
│ │          └┐                                           ┌┘                                                                       │                                                                 │
│ │           └┐                                        ┌─┘                                                                        │                                                                 │
│ │            └┐                                     ┌─┘                                                                          │                                                                 │
│ │             └┐                                   ┌┘                                                                            │                                                                 │
│ │              └┐                    ┌────────────────────╮                                                                      │                                                                 │
│ │               └┐                   │ApiGatewayDeployment│                                                                      │                                                                 │
│ │                └┐                  │(api_gateway)       │                                                                      │                                                                 │
│ │                 └┐                 ╰────────────────────╯                                                                      │                                                                 │
│ │                  └┐                                      ─────────────────────────────────────┐                                │                                                                 │
│ │                   └┐                                     │                                    └───┐                            │                                                                 │
│ │                    └┐                                    │                                        └───┐    ┌──────────╮        │                                                                 │
│ │                     └┐                                   │                                            └──> │DataTable │        │                                                                 │
│ │                      └┐            ┌──────────────────╮  │             ┌───────────────────╮┌────────────> │(dynamodb)│        │                                                                 │
│ │                       └┐           │ProcessingFunction│  │             │ProcessorLambdaRole│┘────────────> ╰──────────╯        │                                                                 │
│ │ ┌───────────────╮      └──────────>│(lambda)          │  │───────────> │(role)             │┘                                  │                                                                 │
│ │ │StreamProcessor│                  ╰──────────────────╯ ┌│             ╰───────────────────╯                                   │                                                                 │
│ │ │(lambda)       │                             └─┐      ┌┘│                              ┌─┘                                    │                                                                 │
│ │ ╰───────────────╯                               └┐    ┌┘ │                             ┌┘                                      │                                                                 │
│ │          └┐  └─┐                                 └─┐ ┌┘  │                           ┌─┘                                       │                                                                 │
│ │           └┐   └──┐                                └┌┘   │                          ┌┘                                         │                                                                 │
│ │            └┐     └─┐                              ┌┘└┐  │                         ┌┘                                          │                                                                 │
│ │             └─┐     └─────────────────────────────────────             ┌────────────────────╮                                  │                                                                 │
│ │               └┐                                 ┌┘     └────────────> │ProcessingLambdaRole│                                  │                                                                 │
│ │                └┐                               ┌┘                     │(role)              │                                  │                                                                 │
│ │                 └┐                             ┌┘                    > ╰────────────────────╯                                  │                                                                 │
│ │                  └─┐               ┌─────────────────╮               │               └────┐                ┌─────────────────╮ │                                                                 │
│ │                    └┐              │ProcessorFunction│               │                    └──────────────> │NotificationTopic│ │                                                                 │
│ │                     └─────────────>│(lambda)         │               │                                     │(sns)            │ │                                                                 │
│ │                                    ╰─────────────────╯               │                    ┌──────────────> ╰─────────────────╯ │                                                                 │
│ │                                                                      │ ┌─────────────────╮┘                                    │                                                                 │
│ │                                                                      ┌ │EmailSubscription│                                     │                                                                 │
│ │                                                                     ┌┘ │(sns)            │                                     │                                                                 │
│ │                                                                    ┌┘  ╰─────────────────╯                                     │                                                                 │
│ │                                    ┌─────────────╮                ┌┘                                                           │                                                                 │
│ │                                    │StorageBucket│               ┌┘                                                            │                                                                 │
│ │                    ┌──────────────>│(s3)         │              ┌┘                                                             │                                                                 │
│ │ ┌───────────────────╮              ╰─────────────╯             ┌┘                                                              │                                                                 │
│ │ │StorageBucketPolicy│                                         ┌┘                                                               │                                                                 │
│ │ │(s3)               │                                        ┌┘                                                                │                                                                 │
│ │ ╰───────────────────╯                                       ┌┘                                                                 │                                                                 │
│ │           └────┐                                           ┌┘                                                                  │                                                                 │
│ │                └─────                                     ┌┘                                                                   │                                                                 │
│ │                      ─────────────────────────────────────┘                                                                    │                                                                 │
│ ╰────────────────────────────────────────────────────────────────────────────────────────────────────────────────────────────────╯                                                                 │
╰────────────────────────────────────────────────────────────────────────────────────────────────────────────────────────────────────────────────────────────────────────────────────────────────────╯
"
`;

exports[`ASCII Art Side-by-Side Rendering should render side-by-side with very different sizes in reversed order: Templates with different sizes in reversed order 1`] = `
"
╭─────────────────────────────────────────────────────────────────────────────────────────────────────────────────────────╮
│                                           Extreme Size Difference (Reversed)                                            │
├─────────────────────────────────────────────────────────────────────────────────────────────────────────────────────────┤
│ ╭─────────────────────────────────────────────────────╮    ╭──────────────────────────────────────────────────────────╮ │
│ │ Stack: name that will test border overflow handling │    │                  Stack: simple-template                  │ │
│ ├─────────────────────────────────────────────────────┤    ├──────────────────────────────────────────────────────────┤ │
│ │                    ┌──────────╮                     │    │ ┌────────────────╮                 ┌───────────────────╮ │ │
│ │                    │LambdaRole│                     │    │ │MyLambdaFunction│                 │LambdaExecutionRole│ │ │
│ │                    │(role)    │                     │    │ │(lambda)        │────────────────>│(role)             │ │ │
│ │                    ╰──────────╯                     │    │ ╰────────────────╯                 ╰───────────────────╯ │ │
│ ╰─────────────────────────────────────────────────────╯    ╰──────────────────────────────────────────────────────────╯ │
╰─────────────────────────────────────────────────────────────────────────────────────────────────────────────────────────╯
"
`;

exports[`ASCII Art Side-by-Side Rendering should render two templates side-by-side: Two templates side-by-side 1`] = `
"
┌────────────────╮                 ┌───────────────────╮
│MyLambdaFunction│                 │LambdaExecutionRole│
│(lambda)        │────────────────>│(role)             │
╰────────────────╯                 ╰───────────────────╯
                                                            ┌────────────────╮                 ┌──────────────────╮                ┌─────────────╮
                                                            │ApiGatewayMethod│─────────────────│ApiGatewayResource│──────────────> │ApiGateway   │
                                                            │(api_gateway)   │────────────────>│(api_gateway)     │──────────────> │(api_gateway)│
                                                            ╰────────────────╯                 ╰──────────────────╯┌─────────────> ╰─────────────╯
                                                                     └┐                                           ┌┘
                                                                      └┐                                        ┌─┘
                                                                       └┐                                     ┌─┘
                                                                        └┐                                   ┌┘
                                                                         └┐                    ┌────────────────────╮
                                                                          └┐                   │ApiGatewayDeployment│
                                                                           └┐                  │(api_gateway)       │
                                                                            └┐                 ╰────────────────────╯
                                                                             └┐                                      ─────────────────────────────────────┐
                                                                              └┐                                     │                                    └───┐
                                                                               └┐                                    │                                        └───┐    ┌──────────╮
                                                                                └┐                                   │                                            └──> │DataTable │
                                                                                 └┐            ┌──────────────────╮  │             ┌───────────────────╮┌────────────> │(dynamodb)│
                                                                                  └┐           │ProcessingFunction│  │             │ProcessorLambdaRole│┘────────────> ╰──────────╯
                                                            ┌───────────────╮      └──────────>│(lambda)          │  │───────────> │(role)             │┘
                                                            │StreamProcessor│                  ╰──────────────────╯ ┌│             ╰───────────────────╯
                                                            │(lambda)       │                             └─┐      ┌┘│                              ┌─┘
                                                            ╰───────────────╯                               └┐    ┌┘ │                             ┌┘
                                                                     └┐  └─┐                                 └─┐ ┌┘  │                           ┌─┘
                                                                      └┐   └──┐                                └┌┘   │                          ┌┘
                                                                       └┐     └─┐                              ┌┘└┐  │                         ┌┘
                                                                        └─┐     └─────────────────────────────────────             ┌────────────────────╮
                                                                          └┐                                 ┌┘     └────────────> │ProcessingLambdaRole│
                                                                           └┐                               ┌┘                     │(role)              │
                                                                            └┐                             ┌┘                    > ╰────────────────────╯
                                                                             └─┐               ┌─────────────────╮               │               └────┐                ┌─────────────────╮
                                                                               └┐              │ProcessorFunction│               │                    └──────────────> │NotificationTopic│
                                                                                └─────────────>│(lambda)         │               │                                     │(sns)            │
                                                                                               ╰─────────────────╯               │                    ┌──────────────> ╰─────────────────╯
                                                                                                                                 │ ┌─────────────────╮┘
                                                                                                                                 ┌ │EmailSubscription│
                                                                                                                                ┌┘ │(sns)            │
                                                                                                                               ┌┘  ╰─────────────────╯
                                                                                               ┌─────────────╮                ┌┘
                                                                                               │StorageBucket│               ┌┘
                                                                               ┌──────────────>│(s3)         │              ┌┘
                                                            ┌───────────────────╮              ╰─────────────╯             ┌┘
                                                            │StorageBucketPolicy│                                         ┌┘
                                                            │(s3)               │                                        ┌┘
                                                            ╰───────────────────╯                                       ┌┘
                                                                      └────┐                                           ┌┘
                                                                           └─────                                     ┌┘
                                                                                 ─────────────────────────────────────┘
"
`;

exports[`ASCII Art Side-by-Side Rendering should respect custom spacing between diagrams: Side-by-side with large spacing (10) 1`] = `
"
┌────────────────╮                 ┌───────────────────╮
│MyLambdaFunction│                 │LambdaExecutionRole│
│(lambda)        │────────────────>│(role)             │
╰────────────────╯                 ╰───────────────────╯
                                                                  ┌────────────────╮                 ┌──────────────────╮                ┌─────────────╮
                                                                  │ApiGatewayMethod│─────────────────│ApiGatewayResource│──────────────> │ApiGateway   │
                                                                  │(api_gateway)   │────────────────>│(api_gateway)     │──────────────> │(api_gateway)│
                                                                  ╰────────────────╯                 ╰──────────────────╯┌─────────────> ╰─────────────╯
                                                                           └┐                                           ┌┘
                                                                            └┐                                        ┌─┘
                                                                             └┐                                     ┌─┘
                                                                              └┐                                   ┌┘
                                                                               └┐                    ┌────────────────────╮
                                                                                └┐                   │ApiGatewayDeployment│
                                                                                 └┐                  │(api_gateway)       │
                                                                                  └┐                 ╰────────────────────╯
                                                                                   └┐                                      ─────────────────────────────────────┐
                                                                                    └┐                                     │                                    └───┐
                                                                                     └┐                                    │                                        └───┐    ┌──────────╮
                                                                                      └┐                                   │                                            └──> │DataTable │
                                                                                       └┐            ┌──────────────────╮  │             ┌───────────────────╮┌────────────> │(dynamodb)│
                                                                                        └┐           │ProcessingFunction│  │             │ProcessorLambdaRole│┘────────────> ╰──────────╯
                                                                  ┌───────────────╮      └──────────>│(lambda)          │  │───────────> │(role)             │┘
                                                                  │StreamProcessor│                  ╰──────────────────╯ ┌│             ╰───────────────────╯
                                                                  │(lambda)       │                             └─┐      ┌┘│                              ┌─┘
                                                                  ╰───────────────╯                               └┐    ┌┘ │                             ┌┘
                                                                           └┐  └─┐                                 └─┐ ┌┘  │                           ┌─┘
                                                                            └┐   └──┐                                └┌┘   │                          ┌┘
                                                                             └┐     └─┐                              ┌┘└┐  │                         ┌┘
                                                                              └─┐     └─────────────────────────────────────             ┌────────────────────╮
                                                                                └┐                                 ┌┘     └────────────> │ProcessingLambdaRole│
                                                                                 └┐                               ┌┘                     │(role)              │
                                                                                  └┐                             ┌┘                    > ╰────────────────────╯
                                                                                   └─┐               ┌─────────────────╮               │               └────┐                ┌─────────────────╮
                                                                                     └┐              │ProcessorFunction│               │                    └──────────────> │NotificationTopic│
                                                                                      └─────────────>│(lambda)         │               │                                     │(sns)            │
                                                                                                     ╰─────────────────╯               │                    ┌──────────────> ╰─────────────────╯
                                                                                                                                       │ ┌─────────────────╮┘
                                                                                                                                       ┌ │EmailSubscription│
                                                                                                                                      ┌┘ │(sns)            │
                                                                                                                                     ┌┘  ╰─────────────────╯
                                                                                                     ┌─────────────╮                ┌┘
                                                                                                     │StorageBucket│               ┌┘
                                                                                     ┌──────────────>│(s3)         │              ┌┘
                                                                  ┌───────────────────╮              ╰─────────────╯             ┌┘
                                                                  │StorageBucketPolicy│                                         ┌┘
                                                                  │(s3)               │                                        ┌┘
                                                                  ╰───────────────────╯                                       ┌┘
                                                                            └────┐                                           ┌┘
                                                                                 └─────                                     ┌┘
                                                                                       ─────────────────────────────────────┘
"
`;

exports[`ASCII Art Side-by-Side Rendering should respect custom spacing between diagrams: Side-by-side with minimal spacing (2) 1`] = `
"
┌────────────────╮                 ┌───────────────────╮
│MyLambdaFunction│                 │LambdaExecutionRole│
│(lambda)        │────────────────>│(role)             │
╰────────────────╯                 ╰───────────────────╯
                                                          ┌────────────────╮                 ┌──────────────────╮                ┌─────────────╮
                                                          │ApiGatewayMethod│─────────────────│ApiGatewayResource│──────────────> │ApiGateway   │
                                                          │(api_gateway)   │────────────────>│(api_gateway)     │──────────────> │(api_gateway)│
                                                          ╰────────────────╯                 ╰──────────────────╯┌─────────────> ╰─────────────╯
                                                                   └┐                                           ┌┘
                                                                    └┐                                        ┌─┘
                                                                     └┐                                     ┌─┘
                                                                      └┐                                   ┌┘
                                                                       └┐                    ┌────────────────────╮
                                                                        └┐                   │ApiGatewayDeployment│
                                                                         └┐                  │(api_gateway)       │
                                                                          └┐                 ╰────────────────────╯
                                                                           └┐                                      ─────────────────────────────────────┐
                                                                            └┐                                     │                                    └───┐
                                                                             └┐                                    │                                        └───┐    ┌──────────╮
                                                                              └┐                                   │                                            └──> │DataTable │
                                                                               └┐            ┌──────────────────╮  │             ┌───────────────────╮┌────────────> │(dynamodb)│
                                                                                └┐           │ProcessingFunction│  │             │ProcessorLambdaRole│┘────────────> ╰──────────╯
                                                          ┌───────────────╮      └──────────>│(lambda)          │  │───────────> │(role)             │┘
                                                          │StreamProcessor│                  ╰──────────────────╯ ┌│             ╰───────────────────╯
                                                          │(lambda)       │                             └─┐      ┌┘│                              ┌─┘
                                                          ╰───────────────╯                               └┐    ┌┘ │                             ┌┘
                                                                   └┐  └─┐                                 └─┐ ┌┘  │                           ┌─┘
                                                                    └┐   └──┐                                └┌┘   │                          ┌┘
                                                                     └┐     └─┐                              ┌┘└┐  │                         ┌┘
                                                                      └─┐     └─────────────────────────────────────             ┌────────────────────╮
                                                                        └┐                                 ┌┘     └────────────> │ProcessingLambdaRole│
                                                                         └┐                               ┌┘                     │(role)              │
                                                                          └┐                             ┌┘                    > ╰────────────────────╯
                                                                           └─┐               ┌─────────────────╮               │               └────┐                ┌─────────────────╮
                                                                             └┐              │ProcessorFunction│               │                    └──────────────> │NotificationTopic│
                                                                              └─────────────>│(lambda)         │               │                                     │(sns)            │
                                                                                             ╰─────────────────╯               │                    ┌──────────────> ╰─────────────────╯
                                                                                                                               │ ┌─────────────────╮┘
                                                                                                                               ┌ │EmailSubscription│
                                                                                                                              ┌┘ │(sns)            │
                                                                                                                             ┌┘  ╰─────────────────╯
                                                                                             ┌─────────────╮                ┌┘
                                                                                             │StorageBucket│               ┌┘
                                                                             ┌──────────────>│(s3)         │              ┌┘
                                                          ┌───────────────────╮              ╰─────────────╯             ┌┘
                                                          │StorageBucketPolicy│                                         ┌┘
                                                          │(s3)               │                                        ┌┘
                                                          ╰───────────────────╯                                       ┌┘
                                                                    └────┐                                           ┌┘
                                                                         └─────                                     ┌┘
                                                                               ─────────────────────────────────────┘
"
`;
